`kwBoard`(대시보드)와 Nginx에 **등재되어 있으나 서비스가 중지(Stop) 상태**였습니다.

---

### 원인 및 조치 내역

1. **서비스 미실행 (중지 상태)**
   - **원인**: 백엔드 프로세스가 켜져 있지 않아 Nginx 프록시 및 대시보드에서 서비스 접속이 되지 않았습니다.
   - **조치**: `manage.sh start`를 실행하여 서비스 프로세스를 정상 기동했습니다. (현재 정상 수신 중)

2. **등재 정보 확인**
   - **kwBoard 설정**: [services.json](file:///home/kw/kwsoft/dashboard/services.json) 및 [apps.json](file:///home/kw/kwsoft/dashboard/portal/apps.json)에 정상 등록되어 있습니다.
   - **접근 권한 (`expose`)**:
     - 현재 `expose: "key"` (클라이언트 인증서 또는 로컬/내부망 전용)로 설정되어 있습니다.
     - 인증서 없이 외부(DuckDNS)에서 누구나 접속 가능하도록 완전 공개를 원하시면 `expose: "public"`으로 변경 후 `sudo kw-apply-sites`를 실행하시면 됩니다.

---

### 접속 링크
- **내부 / 로컬**: `http://localhost:10142/`
- **도메인**: `https://kwopi.duckdns.org/backimage/` (클라이언트 인증서 필요)

*(만약 문의하신 앱이 `backimage`가 아닌 `dscience` 등 다른 앱이라면 말씀해주시면 즉시 해당 앱도 확인 및 기동해 드리겠습니다.)*
Initialized empty Git repository in /home/kw/kwsoft/backimage/.git/
[master (root-commit) 034f75a] Auto update via agy
 596 files changed, 12341 insertions(+)
 create mode 100644 .app.pid
 create mode 100644 README.md
 create mode 100644 __pycache__/app.cpython-314.pyc
 create mode 100644 app.py
 create mode 100755 manage.sh
 create mode 100644 nature/.downloaded.json
 create mode 100644 nature/a_bee_on_beautiful_white_flowers-3840x2160.jpg
 create mode 100644 nature/a_journey_through_majestic_mountain_landscapes-3840x2160.jpg
 create mode 100644 nature/a_sakura-3840x2160.jpg
 create mode 100644 nature/a_sea_of_yellow_rapeseed_flowers-3840x2160.jpg
 create mode 100644 nature/a_study_in_natures_tranquility-3840x2160.jpg
 create mode 100644 nature/a_wooden_house_forest-3840x2160.jpg
 create mode 100644 nature/aerial_view_of_winding_coastal_road-3840x2160.jpg
 create mode 100644 nature/aesthetic_cosmos_flower-3840x2160.jpg
 create mode 100644 nature/african_landscape-3840x2160.jpg
 create mode 100644 nature/agnaya_plaridel_scene-3840x2160.jpg
 create mode 100644 nature/alaska_range_beautiful_mountain_landscape-3840x2160.jpg
 create mode 100644 nature/algodones_dunes_california-3840x2160.jpg
 create mode 100644 nature/alone_yet_not_alone_by_dizzy_soul-3840x2160.jpg
 create mode 100644 nature/along_the_river_bank_morning_mist_green_grass_trees-3840x2160.jpg
 create mode 100644 nature/alpine_meadow-3840x2160.jpg
 create mode 100644 nature/alps_2-3840x2160.jpg
 create mode 100644 nature/amazing_2-3840x2160.jpg
 create mode 100644 nature/amazing_landscape_2-3840x2160.jpg
 create mode 100644 nature/amazing_mountain_landscape_2-3840x2160.jpg
 create mode 100644 nature/amazing_nature_scenery-3840x2160.jpg
 create mode 100644 nature/amazing_travel_destinations_in_the_world-3840x2160.jpg
 create mode 100644 nature/and_then_comes_the_sun-3840x2160.jpg
 create mode 100644 nature/anthropogenic_landscape-3840x2160.jpg
 create mode 100644 nature/apple_5k___imac___waterfall-3840x2160.jpg
 create mode 100644 nature/archipelago_3-3840x2160.jpg
 create mode 100644 nature/armenia_ara-3840x2160.jpg
 create mode 100644 nature/armenia_arpi_lake-3840x2160.jpg
 create mode 100644 nature/armenia_artsakh_hayk_b-3840x2160.jpg
 create mode 100644 nature/armenia_goshavanq-3840x2160.jpg
 create mode 100644 nature/armenia_gyumri_storm-3840x2160.jpg
 create mode 100644 nature/armenia_khustup_k13_annihilation_hayk-3840x2160.jpg
 create mode 100644 nature/armenia_mastara_2-3840x2160.jpg
 create mode 100644 nature/armenia_shaghap_2-3840x2160.jpg
 create mode 100644 nature/armenia_syunik_kapan_khustup_hayk-3840x2160.jpg
 create mode 100644 nature/armenia_syunik_khustup_hayk_b_2-3840x2160.jpg
 create mode 100644 nature/armenia_syunik_khustup_hayk_k13-3840x2160.jpg
 create mode 100644 nature/armenia_syunik_khustup_hayk_photography-3840x2160.jpg
 create mode 100644 nature/armenia_syunik_khustup_k7_hayk_3-3840x2160.jpg
 create mode 100644 nature/armenia_vayots_dzor_agarakadzor_hayk-3840x2160.jpg
 create mode 100644 nature/armenia_vayots_dzor_zangakatun-3840x2160.jpg
 create mode 100644 nature/armenia_water_lily-3840x2160.jpg
 create mode 100644 nature/armenian_beauty_tavush_hayk_photography_2-3840x2160.jpg
 create mode 100644 nature/autumn_62-3840x2160.jpg
 create mode 100644 nature/autumn_9-3840x2160.jpg
 create mode 100644 nature/autumn_alpine_escape-3840x2160.jpg
 create mode 100644 nature/autumn_forest_path-3840x2160.jpg
 create mode 100644 nature/autumn_in_the_enchanted_rocks_catalonia-3840x2160.jpg
 create mode 100644 nature/autumn_river_finland_golden_trees_morning_sunshine-3840x2160.jpg
 create mode 100644 nature/autumn_season_3-3840x2160.jpg
 create mode 100644 nature/bahamas_beach-3840x2160.jpg
 create mode 100644 nature/bali_beach-3840x2160.jpg
 create mode 100644 nature/bamboo_forest_7-3840x2160.jpg
 create mode 100644 nature/bavarian_alps_mountains_lake_berchtesgaden_germany-3840x2160.jpg
 create mode 100644 nature/bay_10-3840x2160.jpg
 create mode 100644 nature/bay_area-3840x2160.jpg
 create mode 100644 nature/bays_panoramic_view_nature_seascape_scenic_breathtaking_idyllic-3840x2160.jpg
 create mode 100644 nature/beach_97-3840x2160.jpg
 create mode 100644 nature/beach_cave_2-3840x2160.jpg
 create mode 100644 nature/beach_islands_aerial_view_5k-3840x2160.jpg
 create mode 100644 nature/beach_nature-3840x2160.jpg
 create mode 100644 nature/beach_nature_12-3840x2160.jpg
 create mode 100644 nature/beach_nature_13-3840x2160.jpg
 create mode 100644 nature/beach_nature_14-3840x2160.jpg
 create mode 100644 nature/beach_nature_7-3840x2160.jpg
 create mode 100644 nature/beach_nature_9-3840x2160.jpg
 create mode 100644 nature/beach_scene_3-3840x2160.jpg
 create mode 100644 nature/beach_shore_2-3840x2160.jpg
 create mode 100644 nature/beach_sunrise-3840x2160.jpg
 create mode 100644 nature/beacon_coastal_ocean_seaside-3840x2160.jpg
 create mode 100644 nature/beautiful-3840x2160.jpg
 create mode 100644 nature/beautiful_beach_waves-3840x2160.jpg
 create mode 100644 nature/beautiful_creek_waterfalls-3840x2160.jpg
 create mode 100644 nature/beautiful_early_spring_landscape-3840x2160.jpg
 create mode 100644 nature/beautiful_landscape_sunrise-3840x2160.jpg
 create mode 100644 nature/beautiful_landscape_torridon_scotland-3840x2160.jpg
 create mode 100644 nature/beautiful_landscapes_in_the_world-3840x2160.jpg
 create mode 100644 nature/beautiful_lavender_flowers-3840x2160.jpg
 create mode 100644 nature/beautiful_moraine_lake_sunrise-3840x2160.jpg
 create mode 100644 nature/beautiful_mountain_landscape_4-3840x2160.jpg
 create mode 100644 nature/beautiful_mountain_landscape_5-3840x2160.jpg
 create mode 100644 nature/beautiful_mountain_scenery_3-3840x2160.jpg
 create mode 100644 nature/beautiful_mountain_scenery_hdr-3840x2160.jpg
 create mode 100644 nature/beautiful_mountains_of_the_world-3840x2160.jpg
 create mode 100644 nature/beautiful_mountainscape_mountain_lake_with_blue_sky_reflection-3840x2160.jpg
 create mode 100644 nature/beautiful_nature-3840x2160.jpg
 create mode 100644 nature/beautiful_pink_japanese_sakura_tree-3840x2160.jpg
 create mode 100644 nature/beautiful_places_scenic_view-3840x2160.jpg
 create mode 100644 nature/beautiful_places_to_visit_around_the_world-3840x2160.jpg
 create mode 100644 nature/beautiful_places_to_visit_in_europe-3840x2160.jpg
 create mode 100644 nature/beautiful_poppies_flowers-3840x2160.jpg
 create mode 100644 nature/beautiful_rape_field-3840x2160.jpg
 create mode 100644 nature/beautiful_scotland-3840x2160.jpg
 create mode 100644 nature/beautiful_turquoise_waterfall-3840x2160.jpg
 create mode 100644 nature/beautiful_valley_2-3840x2160.jpg
 create mode 100644 nature/beautiful_waterfall_scenic_view-3840x2160.jpg
 create mode 100644 nature/beautiful_wild_beach_blue_sea_white_sand_nature_travel-3840x2160.jpg
 create mode 100644 nature/beautiful_wild_roses-3840x2160.jpg
 create mode 100644 nature/beech_forest-3840x2160.jpg
 create mode 100644 nature/ben_venue_mountain_in_scotland-3840x2160.jpg
 create mode 100644 nature/bench_under_tree-3840x2160.jpg
 create mode 100644 nature/birds_tree_lake_water-3840x2160.jpg
 create mode 100644 nature/blooming_fields_in_a_high_altitude_landscape-3840x2160.jpg
 create mode 100644 nature/blue_9-3840x2160.jpg
 create mode 100644 nature/blue_lake_nature_mountains_tranquility_lake_island-3840x2160.jpg
 create mode 100644 nature/blue_mountains_mist-3840x2160.jpg
 create mode 100644 nature/blue_ocean_aesthetic_background-3840x2160.jpg
 create mode 100644 nature/blue_sea_shore_summer_sea_foam-3840x2160.jpg
 create mode 100644 nature/blue_sky_14-3840x2160.jpg
 create mode 100644 nature/blue_sky_with_scattered_clouds_reflected_in_the_lake-3840x2160.jpg
 create mode 100644 nature/blue_waves_3-3840x2160.jpg
 create mode 100644 nature/blue_wildflowers-3840x2160.jpg
 create mode 100644 nature/boat_4-3840x2160.jpg
 create mode 100644 nature/boats_lake_mountains_forest_nature-3840x2160.jpg
 create mode 100644 nature/breaking_dawn_2-3840x2160.jpg
 create mode 100644 nature/breathtaking_mountain_landscape-3840x2160.jpg
 create mode 100644 nature/breathtaking_panorama-3840x2160.jpg
 create mode 100644 nature/breathtaking_view-3840x2160.jpg
 create mode 100644 nature/burst-3840x2160.jpg
 create mode 100644 nature/californias_colorado_desert-3840x2160.jpg
 create mode 100644 nature/calm_autumn_lake_view-3840x2160.jpg
 create mode 100644 nature/calm_before_the_storm-3840x2160.jpg
 create mode 100644 nature/calm_lake-3840x2160.jpg
 create mode 100644 nature/camels-3840x2160.jpg
 create mode 100644 nature/canyon_gorge-3840x2160.jpg
 create mode 100644 nature/canyon_lake-3840x2160.jpg
 create mode 100644 nature/canyon_reflection-3840x2160.jpg
 create mode 100644 nature/cholmondeley_castle_england-3840x2160.jpg
 create mode 100644 nature/close_up_of_blooming_poppies-3840x2160.jpg
 create mode 100644 nature/clouds_12-3840x2160.jpg
 create mode 100644 nature/clouds_aerial_view-3840x2160.jpg
 create mode 100644 nature/cloudy_sky_over_mountains-3840x2160.jpg
 create mode 100644 nature/coast_aerial_view_beautiful_landscape-3840x2160.jpg
 create mode 100644 nature/coastal_mountains_seascape_ocean_nature_aerial_view_wilderness_tranquility_panorama_majestic-3840x2160.jpg
 create mode 100644 nature/coastal_waterfall_close_up_view-3840x2160.jpg
 create mode 100644 nature/cold_landscape-3840x2160.jpg
 create mode 100644 nature/colorado_sunflowers-3840x2160.jpg
 create mode 100644 nature/colorful_clouds_2-3840x2160.jpg
 create mode 100644 nature/colorful_flowers_10-3840x2160.jpg
 create mode 100644 nature/colorful_sunrise_mountain_landscape-3840x2160.jpg
 create mode 100644 nature/conifer_forest_mist_rainy_day-3840x2160.jpg
 create mode 100644 nature/convict_lake-3840x2160.jpg
 create mode 100644 nature/cool_lightning_strikes-3840x2160.jpg
 create mode 100644 nature/cosmos_flower_field_beneath_blue_sky-3840x2160.jpg
 create mode 100644 nature/country_house_2-3840x2160.jpg
 create mode 100644 nature/country_road_hill-3840x2160.jpg
 create mode 100644 nature/countryside_dirt_road-3840x2160.jpg
 create mode 100644 nature/countryside_road_trees_sunshine-3840x2160.jpg
 create mode 100644 nature/crater_lake_2-3840x2160.jpg
 create mode 100644 nature/crescent_beach_and_cannon_beach_oregon-3840x2160.jpg
 create mode 100644 nature/daisies_9-3840x2160.jpg
 create mode 100644 nature/dazzling_sun-3840x2160.jpg
 create mode 100644 nature/denali_national_park_and_preserve_alaska_range_united_states-3840x2160.jpg
 create mode 100644 nature/desert-3840x2160.jpg
 create mode 100644 nature/desert_12-3840x2160.jpg
 create mode 100644 nature/desert_7-3840x2160.jpg
 create mode 100644 nature/desert_dunes_aerial_view_digital_art-3840x2160.jpg
 create mode 100644 nature/desert_dunes_sandy_vast_golden_endless_cloudy-3840x2160.jpg
 create mode 100644 nature/desert_mountains-3840x2160.jpg
 create mode 100644 nature/desert_road_3-3840x2160.jpg
 create mode 100644 nature/desert_sand_texture_black_and_white-3840x2160.jpg
 create mode 100644 nature/desert_yelan___iran-3840x2160.jpg
 create mode 100644 nature/dirt_road_through_forest-3840x2160.jpg
 create mode 100644 nature/dolomites_mountains_italy_stunning_landscape-3840x2160.jpg
 create mode 100644 nature/durham_buttercup-3840x2160.jpg
 create mode 100644 nature/egelsee_lake_in_carinthia_austria-3840x2160.jpg
 create mode 100644 nature/fall_mountain_forest_reflected_in_calm_lake-3840x2160.jpg
 create mode 100644 nature/famous_mountains_autumn-3840x2160.jpg
 create mode 100644 nature/famous_world_mountains-3840x2160.jpg
 create mode 100644 nature/farsejin_pink_flower-3840x2160.jpg
 create mode 100644 nature/fast_flowing_river-3840x2160.jpg
 create mode 100644 nature/field_of_poppies-3840x2160.jpg
 create mode 100644 nature/filband_village-3840x2160.jpg
 create mode 100644 nature/filband_village_4-3840x2160.jpg
 create mode 100644 nature/filband_village_6-3840x2160.jpg
 create mode 100644 nature/fishing_lake-3840x2160.jpg
 create mode 100644 nature/fjord-3840x2160.jpg
 create mode 100644 nature/flooded_forest-3840x2160.jpg
 create mode 100644 nature/flower_285-3840x2160.jpg
 create mode 100644 nature/flower_field_3-3840x2160.jpg
 create mode 100644 nature/flower_field_nature_landscape-3840x2160.jpg
 create mode 100644 nature/flowers_158-3840x2160.jpg
 create mode 100644 nature/fog_wave-3840x2160.jpg
 create mode 100644 nature/foggy_hills-3840x2160.jpg
 create mode 100644 nature/foggy_river-3840x2160.jpg
 create mode 100644 nature/follow_the_sun-3840x2160.jpg
 create mode 100644 nature/footprints_sand_dunes_desert-3840x2160.jpg
 create mode 100644 nature/forest-3840x2160.jpg
 create mode 100644 nature/forest_7-3840x2160.jpg
 create mode 100644 nature/forest_divided_by_the_river-3840x2160.jpg
 create mode 100644 nature/forest_in_dam_no__1_woods_2-3840x2160.jpg
 create mode 100644 nature/forest_lost_in_the_mist-3840x2160.jpg
 create mode 100644 nature/forest_mist_2-3840x2160.jpg
 create mode 100644 nature/forest_road_4-3840x2160.jpg
 create mode 100644 nature/forest_shower-3840x2160.jpg
 create mode 100644 nature/forest_stream_2-3840x2160.jpg
 create mode 100644 nature/forest_stream_4-3840x2160.jpg
 create mode 100644 nature/forest_stream_waterfall-3840x2160.jpg
 create mode 100644 nature/forest_trees_lake_green_nature_scenery_summer_reflection-3840x2160.jpg
 create mode 100644 nature/forest_waterfalls_hdr-3840x2160.jpg
 create mode 100644 nature/forested_mountains_scotland-3840x2160.jpg
 create mode 100644 nature/frangipani-3840x2160.jpg
 create mode 100644 nature/french_alps-3840x2160.jpg
 create mode 100644 nature/garden_white_cosmos_flower-3840x2160.jpg
 create mode 100644 nature/german_bavarian_alps_mountains_landscape-3840x2160.jpg
 create mode 100644 nature/giant_rock-3840x2160.jpg
 create mode 100644 nature/glacial_lake_autumn-3840x2160.jpg
 create mode 100644 nature/glacial_waters_flowing_through_bruarfoss_in_iceland-3840x2160.jpg
 create mode 100644 nature/godafoss_waterfall_iceland_2-3840x2160.jpg
 create mode 100644 nature/golden_beach-3840x2160.jpg
 create mode 100644 nature/golden_field_3-3840x2160.jpg
 create mode 100644 nature/golden_sand_dunes_wahiba_sands_oman-3840x2160.jpg
 create mode 100644 nature/golden_sunflowers-3840x2160.jpg
 create mode 100644 nature/golden_sunlight_over_green_mountains-3840x2160.jpg
 create mode 100644 nature/golden_temple-3840x2160.jpg
 create mode 100644 nature/grass_55-3840x2160.jpg
 create mode 100644 nature/great_beach_vacation_spots-3840x2160.jpg
 create mode 100644 nature/green_forest_8-3840x2160.jpg
 create mode 100644 nature/green_forest_mist_summer-3840x2160.jpg
 create mode 100644 nature/green_garden_red_rose_summer-3840x2160.jpg
 create mode 100644 nature/green_ginkgo_trees-3840x2160.jpg
 create mode 100644 nature/green_hills_nature_landscape-3840x2160.jpg
 create mode 100644 nature/green_meadow_hills_landscape-3840x2160.jpg
 create mode 100644 nature/green_mile-3840x2160.jpg
 create mode 100644 nature/green_mountains_amazing_view-3840x2160.jpg
 create mode 100644 nature/green_park-3840x2160.jpg
 create mode 100644 nature/green_rolling_hills-3840x2160.jpg
 create mode 100644 nature/green_trees_2-3840x2160.jpg
 create mode 100644 nature/green_wavy_hills_nature-3840x2160.jpg
 create mode 100644 nature/green_wood_3-3840x2160.jpg
 create mode 100644 nature/half_lake_half_sky-3840x2160.jpg
 create mode 100644 nature/hidden_lake-3840x2160.jpg
 create mode 100644 nature/highest_mountain_peak-3840x2160.jpg
 create mode 100644 nature/highland_sunrise-3840x2160.jpg
 create mode 100644 nature/highway_in_the_clouds-3840x2160.jpg
 create mode 100644 nature/hill_trees-3840x2160.jpg
 create mode 100644 nature/hills_landscape-3840x2160.jpg
 create mode 100644 nature/hot_air_balloon_ride-3840x2160.jpg
 create mode 100644 nature/hot_air_balloons-3840x2160.jpg
 create mode 100644 nature/hot_air_balloons_in_the_air-3840x2160.jpg
 create mode 100644 nature/iceland_black_sand_beach-3840x2160.jpg
 create mode 100644 nature/iceland_waterfall-3840x2160.jpg
 create mode 100644 nature/idyllic_hills-3840x2160.jpg
 create mode 100644 nature/idyllic_landscape-3840x2160.jpg
 create mode 100644 nature/in_nature-3840x2160.jpg
 create mode 100644 nature/infinity_bridge-3840x2160.jpg
 create mode 100644 nature/inside_ocean_wave-3840x2160.jpg
 create mode 100644 nature/ipe_tree-3840x2160.jpg
 create mode 100644 nature/island_3-3840x2160.jpg
 create mode 100644 nature/italian_beautiful_landscape-3840x2160.jpg
 create mode 100644 nature/japanese_garden_2-3840x2160.jpg
 create mode 100644 nature/japanese_garden_hdr_2-3840x2160.jpg
 create mode 100644 nature/jungle_paradise-3840x2160.jpg
 create mode 100644 nature/jungle_waterfall-3840x2160.jpg
 create mode 100644 nature/karersee_lake_dolomites_mountains_italy-3840x2160.jpg
 create mode 100644 nature/kesanki_river_lapland_autumn_finland_nordic_nature_fall_colors_wilderness-3840x2160.jpg
 create mode 100644 nature/kirkjufellsfoss_waterfall_iceland-3840x2160.jpg
 create mode 100644 nature/kolukkumalai_view_from_8k_ft-3840x2160.jpg
 create mode 100644 nature/kuiseb_canyon_namibia-3840x2160.jpg
 create mode 100644 nature/lake_48-3840x2160.jpg
 create mode 100644 nature/lake_aesthetic-3840x2160.jpg
 create mode 100644 nature/lake_hdr_4-3840x2160.jpg
 create mode 100644 nature/lake_mountains_glacier_national_park_united_states_nature_scenic_reflection_forest-3840x2160.jpg
 create mode 100644 nature/lake_shore-3840x2160.jpg
 create mode 100644 nature/lake_sunrise-3840x2160.jpg
 create mode 100644 nature/landscape_144-3840x2160.jpg
 create mode 100644 nature/landscape_51-3840x2160.jpg
 create mode 100644 nature/landscape_66-3840x2160.jpg
 create mode 100644 nature/landscape_scenery_nature_woodland_autumn_forest_beautiful_amazing_view_mountains-3840x2160.jpg
 create mode 100644 nature/large_boulders_in_the_lake_scenery-3840x2160.jpg
 create mode 100644 nature/lavender_field_purple_bloom_tranquility_scenic_meadow_nature_freshness_summer_relaxation_beauty_floral_horizon-3840x2160.jpg
 create mode 100644 nature/layers_of_mountains-3840x2160.jpg
 create mode 100644 nature/lilly_flowers-3840x2160.jpg
 create mode 100644 nature/lochan_na_h_achlaise_and_the_black_mount-3840x2160.jpg
 create mode 100644 nature/lone_pine-3840x2160.jpg
 create mode 100644 nature/lone_tree_3-3840x2160.jpg
 create mode 100644 nature/lone_tree_at_sunrise-3840x2160.jpg
 create mode 100644 nature/lone_tree_in_a_field_aesthetic-3840x2160.jpg
 create mode 100644 nature/look_at_all_that_rice-3840x2160.jpg
 create mode 100644 nature/lotus_8-3840x2160.jpg
 create mode 100644 nature/lotus_flower-3840x2160.jpg
 create mode 100644 nature/lotus_flower_10-3840x2160.jpg
 create mode 100644 nature/lotus_flowers_mist_lake-3840x2160.jpg
 create mode 100644 nature/magic_3-3840x2160.jpg
 create mode 100644 nature/maldives_island_resort_aerial_view-3840x2160.jpg
 create mode 100644 nature/maldives_islands_vacation-3840x2160.jpg
 create mode 100644 nature/man_on_the_road-3840x2160.jpg
 create mode 100644 nature/mangrove_swamps-3840x2160.jpg
 create mode 100644 nature/mirror_of_the_mountains_lake_reflections-3840x2160.jpg
 create mode 100644 nature/mist_on_the_road-3840x2160.jpg
 create mode 100644 nature/misty_forest_tianmen_mountain_china-3840x2160.jpg
 create mode 100644 nature/misty_morning_baronia_de_rialb_catalonia-3840x2160.jpg
 create mode 100644 nature/misty_shoreline_and_the_lone_sea_rock-3840x2160.jpg
 create mode 100644 nature/mojave_desert-3840x2160.jpg
 create mode 100644 nature/molas_pass_san_juan_mountains_colorado_united_states_panorama_landscape-3840x2160.jpg
 create mode 100644 nature/moments_in_between-3840x2160.jpg
 create mode 100644 nature/mont_blanc_autumn-3840x2160.jpg
 create mode 100644 nature/monument_valley-3840x2160.jpg
 create mode 100644 nature/monument_valley_3-3840x2160.jpg
 create mode 100644 nature/monument_valley_usa-3840x2160.jpg
 create mode 100644 nature/moraine_lake_canadian_rockies-3840x2160.jpg
 create mode 100644 nature/moraine_lake_sunrise-3840x2160.jpg
 create mode 100644 nature/morning_mist_flowers_field_nature-3840x2160.jpg
 create mode 100644 nature/morning_sun_2-3840x2160.jpg
 create mode 100644 nature/morning_sun_3-3840x2160.jpg
 create mode 100644 nature/morocco_desert-3840x2160.jpg
 create mode 100644 nature/most_beautiful_landscape-3840x2160.jpg
 create mode 100644 nature/most_beautiful_mountain_ranges_in_the_world-3840x2160.jpg
 create mode 100644 nature/most_beautiful_sunrise_in_the_world-3840x2160.jpg
 create mode 100644 nature/most_beautiful_waterfall-3840x2160.jpg
 create mode 100644 nature/most_beautiful_waterscapes-3840x2160.jpg
 create mode 100644 nature/mount_everest_himalaya_mountains-3840x2160.jpg
 create mode 100644 nature/mount_tamalpais_fog_photography-3840x2160.jpg
 create mode 100644 nature/mountain_lake_3-3840x2160.jpg
 create mode 100644 nature/mountain_lake_landscape_nature-3840x2160.jpg
 create mode 100644 nature/mountain_lake_reflection_scenery-3840x2160.jpg
 create mode 100644 nature/mountain_lakes_hdr-3840x2160.jpg
 create mode 100644 nature/mountain_lakeside_view-3840x2160.jpg
 create mode 100644 nature/mountain_landscape_11-3840x2160.jpg
 create mode 100644 nature/mountain_landscape_green_grass_trees_mist_sun-3840x2160.jpg
 create mode 100644 nature/mountain_landscape_lake_autumn_fall_scenery_reflection_foliage_golden_tranquil_serene_wilderness_vibrant_escape_adventure_nature_hills_peaceful-3840x2160.jpg
 create mode 100644 nature/mountain_landscape_nature_11-3840x2160.jpg
 create mode 100644 nature/mountain_landscape_scenery-3840x2160.jpg
 create mode 100644 nature/mountain_landscape_summer_nature_green_fresh_air_outdoors_valley_tranquility_serenity_sunlight_exploration_hiking_alpine-3840x2160.jpg
 create mode 100644 nature/mountain_landscape_winter-3840x2160.jpg
 create mode 100644 nature/mountain_meadow_filled_with_dandelions-3840x2160.jpg
 create mode 100644 nature/mountain_peak_3-3840x2160.jpg
 create mode 100644 nature/mountain_peak_mist_photography-3840x2160.jpg
 create mode 100644 nature/mountain_peak_spring_yellow_flowers_wildflowers_nature_hike-3840x2160.jpg
 create mode 100644 nature/mountain_peaks_art-3840x2160.jpg
 create mode 100644 nature/mountain_range_winter-3840x2160.jpg
 create mode 100644 nature/mountain_range_with_snow_capped_summits-3840x2160.jpg
 create mode 100644 nature/mountain_reflected_in_calm_waters_of_the_lake-3840x2160.jpg
 create mode 100644 nature/mountain_reflected_in_lake-3840x2160.jpg
 create mode 100644 nature/mountain_reflections_in_the_lake-3840x2160.jpg
 create mode 100644 nature/mountain_river_3-3840x2160.jpg
 create mode 100644 nature/mountain_road-3840x2160.jpg
 create mode 100644 nature/mountain_road_scenery-3840x2160.jpg
 create mode 100644 nature/mountain_stream-3840x2160.jpg
 create mode 100644 nature/mountain_stream_creek_nature_scenery_overcast_landscape-3840x2160.jpg
 create mode 100644 nature/mountain_trail_trekking_by_the_crystal_lake-3840x2160.jpg
 create mode 100644 nature/mountain_view_natures_sanctuary-3840x2160.jpg
 create mode 100644 nature/mountain_water_reflection-3840x2160.jpg
 create mode 100644 nature/mountain_waterfall_nature_golden_sky_landscape-3840x2160.jpg
 create mode 100644 nature/mountains_by_the_sea_2-3840x2160.jpg
 create mode 100644 nature/mountains_clear_lake_reflection_cold_winter-3840x2160.jpg
 create mode 100644 nature/mountains_reflected_in_lake-3840x2160.jpg
 create mode 100644 nature/mountains_reflected_in_lake_winter-3840x2160.jpg
 create mode 100644 nature/mountains_reflection-3840x2160.jpg
 create mode 100644 nature/mountains_torres_del_paine_national_park_patagonia_chile-3840x2160.jpg
 create mode 100644 nature/mountainscape-3840x2160.jpg
 create mode 100644 nature/mountaintown-3840x2160.jpg
 create mode 100644 nature/namib_desert-3840x2160.jpg
 create mode 100644 nature/natural_waterfall_landscape-3840x2160.jpg
 create mode 100644 nature/nature_221-3840x2160.jpg
 create mode 100644 nature/nature_301-3840x2160.jpg
 create mode 100644 nature/nature_324-3840x2160.jpg
 create mode 100644 nature/nature_landscape-3840x2160.jpg
 create mode 100644 nature/nature_mountains_lake_trees_reflection-3840x2160.jpg
 create mode 100644 nature/nature_reflection-3840x2160.jpg
 create mode 100644 nature/nature_scenes_11-3840x2160.jpg
 create mode 100644 nature/nature_scenes_8-3840x2160.jpg
 create mode 100644 nature/nature_springtime-3840x2160.jpg
 create mode 100644 nature/nature_waterfall_mountain_cold-3840x2160.jpg
 create mode 100644 nature/natures_beauty-3840x2160.jpg
 create mode 100644 nature/natures_towering_masterpiece-3840x2160.jpg
 create mode 100644 nature/new_adventures-3840x2160.jpg
 create mode 100644 nature/north_pole-3840x2160.jpg
 create mode 100644 nature/norway_mountain_river_landscape-3840x2160.jpg
 create mode 100644 nature/norway_mountains_2-3840x2160.jpg
 create mode 100644 nature/oak_tree_2-3840x2160.jpg
 create mode 100644 nature/ocean_13-3840x2160.jpg
 create mode 100644 nature/ocean_rocks_long_exposure-3840x2160.jpg
 create mode 100644 nature/old_mountains_desert-3840x2160.jpg
 create mode 100644 nature/old_trees_swamp-3840x2160.jpg
 create mode 100644 nature/onondaga_lake_liverpool_ny-3840x2160.jpg
 create mode 100644 nature/orange_lewisia-3840x2160.jpg
 create mode 100644 nature/outdoor_recreation-3840x2160.jpg
 create mode 100644 nature/ovan_lake-3840x2160.jpg
 create mode 100644 nature/pacific_ocean_shore_aerial_view-3840x2160.jpg
 create mode 100644 nature/painting_with_blue-3840x2160.jpg
 create mode 100644 nature/palm_trees_background-3840x2160.jpg
 create mode 100644 nature/panoramic_view_of_a_mountain_lake-3840x2160.jpg
 create mode 100644 nature/paradise_9-3840x2160.jpg
 create mode 100644 nature/paradise_waterfall-3840x2160.jpg
 create mode 100644 nature/passion_flower_2-3840x2160.jpg
 create mode 100644 nature/peaceful-3840x2160.jpg
 create mode 100644 nature/philippines_landscape-3840x2160.jpg
 create mode 100644 nature/pine_forest-3840x2160.jpg
 create mode 100644 nature/pink_cosmos_2-3840x2160.jpg
 create mode 100644 nature/pink_cosmos_flowers_4-3840x2160.jpg
 create mode 100644 nature/pink_desert_2-3840x2160.jpg
 create mode 100644 nature/pink_happiness-3840x2160.jpg
 create mode 100644 nature/pink_peonies_flowers_in_vase-3840x2160.jpg
 create mode 100644 nature/pipe_creek_vista_scenic_lookout-3840x2160.jpg
 create mode 100644 nature/places_to_visit_around_the_world_before_you_die-3840x2160.jpg
 create mode 100644 nature/places_to_visit_before_you_die-3840x2160.jpg
 create mode 100644 nature/platja_de_la_mar_menuda_tossa_de_mar_catalonia-3840x2160.jpg
 create mode 100644 nature/poppies_and_cornflowers_field-3840x2160.jpg
 create mode 100644 nature/poppies_flowers_outdoors_nature-3840x2160.jpg
 create mode 100644 nature/poppy_field_3-3840x2160.jpg
 create mode 100644 nature/purple_dendrobium_orchids_flowers_outdoors-3840x2160.jpg
 create mode 100644 nature/purple_river_reflection-3840x2160.jpg
 create mode 100644 nature/purple_sky_mountain_lake_reflection-3840x2160.jpg
 create mode 100644 nature/purple_tulip_2-3840x2160.jpg
 create mode 100644 nature/purple_tulips_4-3840x2160.jpg
 create mode 100644 nature/queen_of_tolors_armenia_syunik_tolors_hayk_b-3840x2160.jpg
 create mode 100644 nature/rain_clouds_sky-3840x2160.jpg
 create mode 100644 nature/rainforest_waterfall-3840x2160.jpg
 create mode 100644 nature/rapeseed_field_with_lone_tree-3840x2160.jpg
 create mode 100644 nature/red_and_white_mountain_landscape-3840x2160.jpg
 create mode 100644 nature/red_lake_toiyabe_national_forest-3840x2160.jpg
 create mode 100644 nature/red_poppies_by_the_wheat_field-3840x2160.jpg
 create mode 100644 nature/red_rose_macro_2-3840x2160.jpg
 create mode 100644 nature/red_rudbeckia_closeup-3840x2160.jpg
 create mode 100644 nature/reflexos_2-3840x2160.jpg
 create mode 100644 nature/relax_9-3840x2160.jpg
 create mode 100644 nature/relaxing_boat_ride_through_the_forest-3840x2160.jpg
 create mode 100644 nature/resort_swimming_pool-3840x2160.jpg
 create mode 100644 nature/rice_field_landscape-3840x2160.jpg
 create mode 100644 nature/riera_de_santa_fe_catalonia-3840x2160.jpg
 create mode 100644 nature/river_43-3840x2160.jpg
 create mode 100644 nature/river_forest_summer_sun-3840x2160.jpg
 create mode 100644 nature/river_old_arch_bridge_town-3840x2160.jpg
 create mode 100644 nature/river_water_flow-3840x2160.jpg
 create mode 100644 nature/road_on_the_hills-3840x2160.jpg
 create mode 100644 nature/road_to_heaven_2-3840x2160.jpg
 create mode 100644 nature/road_to_las_vegas-3840x2160.jpg
 create mode 100644 nature/road_to_north-3840x2160.jpg
 create mode 100644 nature/road_trip_4-3840x2160.jpg
 create mode 100644 nature/rocky_hill_2-3840x2160.jpg
 create mode 100644 nature/rural_road_green_trees_landscape-3840x2160.jpg
 create mode 100644 nature/sand_desert_dunes-3840x2160.jpg
 create mode 100644 nature/sandy_beach_ocean_waves_aerial_view-3840x2160.jpg
 create mode 100644 nature/sapa_rice_paddies-3840x2160.jpg
 create mode 100644 nature/saxe_point_beautiful_landscape-3840x2160.jpg
 create mode 100644 nature/scenic_panoramic_view_hilly_landscape-3840x2160.jpg
 create mode 100644 nature/scenic_view_from_island_to_a_smaller_island-3840x2160.jpg
 create mode 100644 nature/scotland_galloway_forest_park_4-3840x2160.jpg
 create mode 100644 nature/scotlands_incredible_landscapes-3840x2160.jpg
 create mode 100644 nature/sea_25-3840x2160.jpg
 create mode 100644 nature/sea_9-3840x2160.jpg
 create mode 100644 nature/sea_mist_over_the_rocky_shore-3840x2160.jpg
 create mode 100644 nature/sea_of_fog-3840x2160.jpg
 create mode 100644 nature/sea_sunrise_3-3840x2160.jpg
 create mode 100644 nature/seashore-3840x2160.jpg
 create mode 100644 nature/seaside_beach-3840x2160.jpg
 create mode 100644 nature/seaspray-3840x2160.jpg
 create mode 100644 nature/serene_lake_green_pasture_and_majestic_mountain_view-3840x2160.jpg
 create mode 100644 nature/serene_red_poppy_field-3840x2160.jpg
 create mode 100644 nature/serenity_7-3840x2160.jpg
 create mode 100644 nature/serenity_in_the_alpine_wilderness-3840x2160.jpg
 create mode 100644 nature/sicao_green_tunnel-3840x2160.jpg
 create mode 100644 nature/single_tree_mist_over_lake-3840x2160.jpg
 create mode 100644 nature/skiers_on_top_of_the_mountain-3840x2160.jpg
 create mode 100644 nature/sky_above_the_mountains-3840x2160.jpg
 create mode 100644 nature/snow_capped-3840x2160.jpg
 create mode 100644 nature/snowy_mountain_peak_above_clouds-3840x2160.jpg
 create mode 100644 nature/snowy_mountain_winter_mist-3840x2160.jpg
 create mode 100644 nature/snowy_mountains_3-3840x2160.jpg
 create mode 100644 nature/spectacular_desert_landscape-3840x2160.jpg
 create mode 100644 nature/spectacular_mountain_lake-3840x2160.jpg
 create mode 100644 nature/spring_blooms_2-3840x2160.jpg
 create mode 100644 nature/spring_flowers_12-3840x2160.jpg
 create mode 100644 nature/spring_in_winter-3840x2160.jpg
 create mode 100644 nature/spring_is_here_3-3840x2160.jpg
 create mode 100644 nature/spring_mountain_landscape_3-3840x2160.jpg
 create mode 100644 nature/spring_nature_flowers-3840x2160.jpg
 create mode 100644 nature/spring_tranquility-3840x2160.jpg
 create mode 100644 nature/spring_tulips_field_windmills_magenta-3840x2160.jpg
 create mode 100644 nature/stone_bridge_2-3840x2160.jpg
 create mode 100644 nature/stone_ellipse-3840x2160.jpg
 create mode 100644 nature/stones_beach-3840x2160.jpg
 create mode 100644 nature/storm_over_paradise-3840x2160.jpg
 create mode 100644 nature/stormy_clouds-3840x2160.jpg
 create mode 100644 nature/straight_road-3840x2160.jpg
 create mode 100644 nature/straight_road_2-3840x2160.jpg
 create mode 100644 nature/stunning_canyon_view-3840x2160.jpg
 create mode 100644 nature/stunning_mountain_landscape-3840x2160.jpg
 create mode 100644 nature/stunning_mountain_range_landscape-3840x2160.jpg
 create mode 100644 nature/stunning_mountain_view-3840x2160.jpg
 create mode 100644 nature/stunning_sea_of_clouds_above_the_mountains-3840x2160.jpg
 create mode 100644 nature/stunning_view-3840x2160.jpg
 create mode 100644 nature/stunning_view_mountains_landscape_nature-3840x2160.jpg
 create mode 100644 nature/stunted_pine-3840x2160.jpg
 create mode 100644 nature/summer_beach_wave_vacation_white_sand_sea_ocean_summer_vibe-3840x2160.jpg
 create mode 100644 nature/summer_cliff_lake-3840x2160.jpg
 create mode 100644 nature/summer_country_landscape-3840x2160.jpg
 create mode 100644 nature/summer_field_4-3840x2160.jpg
 create mode 100644 nature/summer_serenity_beach_by_the_tree_and_field-3840x2160.jpg
 create mode 100644 nature/summit_lake-3840x2160.jpg
 create mode 100644 nature/sun_rise_soon-3840x2160.jpg
 create mode 100644 nature/sun_shining_over_mountains-3840x2160.jpg
 create mode 100644 nature/sunbeams_through_forest_trees_lake_reflection-3840x2160.jpg
 create mode 100644 nature/sunflower_34-3840x2160.jpg
 create mode 100644 nature/sunflower_field_aesthetic-3840x2160.jpg
 create mode 100644 nature/sunflowers_field_summer-3840x2160.jpg
 create mode 100644 nature/sunlit_waterfall_in_forest-3840x2160.jpg
 create mode 100644 nature/sunny_morning_forest_path-3840x2160.jpg
 create mode 100644 nature/sunrise_7-3840x2160.jpg
 create mode 100644 nature/sunrise_at_sant_pere_de_casserres_catalonia-3840x2160.jpg
 create mode 100644 nature/sunrise_san_francisco-3840x2160.jpg
 create mode 100644 nature/sunscreen-3840x2160.jpg
 create mode 100644 nature/supercell_thunderstorm-3840x2160.jpg
 create mode 100644 nature/tea_field-3840x2160.jpg
 create mode 100644 nature/the_basta_rock_sunrise_4k-3840x2160.jpg
 create mode 100644 nature/the_beauty_of_lavender_landscapes-3840x2160.jpg
 create mode 100644 nature/the_camomile-3840x2160.jpg
 create mode 100644 nature/the_colors_of_summer-3840x2160.jpg
 create mode 100644 nature/the_endless_fields_of_queenstown-3840x2160.jpg
 create mode 100644 nature/the_fields_of_the_queenstown_valley-3840x2160.jpg
 create mode 100644 nature/the_glacier_national_park_at_sunrise-3840x2160.jpg
 create mode 100644 nature/the_heart_of_the_mountain-3840x2160.jpg
 create mode 100644 nature/the_highlands_of_scotland-3840x2160.jpg
 create mode 100644 nature/the_light_10-3840x2160.jpg
 create mode 100644 nature/the_lost_valley_scotland_mountains_winter-3840x2160.jpg
 create mode 100644 nature/the_most_beautiful_road_in_the_world-3840x2160.jpg
 create mode 100644 nature/the_perfect_reflection-3840x2160.jpg
 create mode 100644 nature/the_spreewald_tranquility-3840x2160.jpg
 create mode 100644 nature/the_way_back-3840x2160.jpg
 create mode 100644 nature/theaeon_7-3840x2160.jpg
 create mode 100644 nature/thunderstorm_landscape-3840x2160.jpg
 create mode 100644 nature/tila_kenar-3840x2160.jpg
 create mode 100644 nature/tiny_island-3840x2160.jpg
 create mode 100644 nature/toscana-3840x2160.jpg
 create mode 100644 nature/tranquil_mountain_lake_reflection-3840x2160.jpg
 create mode 100644 nature/tranquil_scene_of_mist_above_lake-3840x2160.jpg
 create mode 100644 nature/tree_7-3840x2160.jpg
 create mode 100644 nature/tree_by_the_lake-3840x2160.jpg
 create mode 100644 nature/tree_field_spring-3840x2160.jpg
 create mode 100644 nature/tree_hdr-3840x2160.jpg
 create mode 100644 nature/tree_of_life_2-3840x2160.jpg
 create mode 100644 nature/tree_on_a_hill_landscape-3840x2160.jpg
 create mode 100644 nature/tree_on_the_top_of_the_mountain-3840x2160.jpg
 create mode 100644 nature/trees_are_green-3840x2160.jpg
 create mode 100644 nature/trees_in_water_reflection-3840x2160.jpg
 create mode 100644 nature/tropical_beach_5-3840x2160.jpg
 create mode 100644 nature/tropical_beach_paradise_5k-3840x2160.jpg
 create mode 100644 nature/tropical_island_8-3840x2160.jpg
 create mode 100644 nature/tropical_sea_beach_storm_clouds-3840x2160.jpg
 create mode 100644 nature/tropical_waterfall-3840x2160.jpg
 create mode 100644 nature/tropical_waterfall_4-3840x2160.jpg
 create mode 100644 nature/tulip_6-3840x2160.jpg
 create mode 100644 nature/turquoise_lake_mountains_landscape_sunlight-3840x2160.jpg
 create mode 100644 nature/turquoise_mountain_lake_landscape-3840x2160.jpg
 create mode 100644 nature/turquoise_river_and_wooden_bridge-3840x2160.jpg
 create mode 100644 nature/turquoise_volcanic_lake_trees_japan-3840x2160.jpg
 create mode 100644 nature/two_rainbow-3840x2160.jpg
 create mode 100644 nature/two_trees_hill_landscape-3840x2160.jpg
 create mode 100644 nature/unexpected_snowfall-3840x2160.jpg
 create mode 100644 nature/unsaturated_yellow_flower-3840x2160.jpg
 create mode 100644 nature/vacation_3-3840x2160.jpg
 create mode 100644 nature/valasht-3840x2160.jpg
 create mode 100644 nature/vanda_orchid_flower-3840x2160.jpg
 create mode 100644 nature/vasco_da_gama_bridge_lisbon_portugal_at_sunrise-3840x2160.jpg
 create mode 100644 nature/vibrant_flowers-3840x2160.jpg
 create mode 100644 nature/vibrant_spring_blooms_on_a_blossom_tree-3840x2160.jpg
 create mode 100644 nature/volcanic_landscape-3840x2160.jpg
 create mode 100644 nature/volcanic_landscape_eastern_iceland-3840x2160.jpg
 create mode 100644 nature/warm_sunrise__forest-3840x2160.jpg
 create mode 100644 nature/water_26-3840x2160.jpg
 create mode 100644 nature/water_37-3840x2160.jpg
 create mode 100644 nature/waterfall_green_grass_mountain-3840x2160.jpg
 create mode 100644 nature/waterfall_ocean_beach_coast_nature-3840x2160.jpg
 create mode 100644 nature/wave_closeup-3840x2160.jpg
 create mode 100644 nature/wave_crashing_on_rock-3840x2160.jpg
 create mode 100644 nature/west_mitten_butte_in_monument_valley_navajo_tribal_park_arizona-3840x2160.jpg
 create mode 100644 nature/where_earth_meets_sky-3840x2160.jpg
 create mode 100644 nature/where_the_land_meets_the_sea-3840x2160.jpg
 create mode 100644 nature/white_china_rose-3840x2160.jpg
 create mode 100644 nature/white_cliffs_coastline_scenic_view-3840x2160.jpg
 create mode 100644 nature/white_cloud-3840x2160.jpg
 create mode 100644 nature/wiese-3840x2160.jpg
 create mode 100644 nature/wild_beach_panorama-3840x2160.jpg
 create mode 100644 nature/wild_plants_in_sunlight_glow_nature-3840x2160.jpg
 create mode 100644 nature/wild_white_sand_beach_sea_nature-3840x2160.jpg
 create mode 100644 nature/winding_river_through_green_forest-3840x2160.jpg
 create mode 100644 nature/winter_snowfall_2-3840x2160.jpg
 create mode 100644 nature/winters_arrival_autumns_end-3840x2160.jpg
 create mode 100644 nature/wonderful_world-3840x2160.jpg
 create mode 100644 nature/wondering_fireflies-3840x2160.jpg
 create mode 100644 nature/woodland_2-3840x2160.jpg
 create mode 100644 nature/worneth_low_golf_course-3840x2160.jpg
 create mode 100644 nature/yellow_6-3840x2160.jpg
 create mode 100644 nature/yellowstone-3840x2160.jpg
 create mode 100644 nature/yosemite_national_park_glacier_point-3840x2160.jpg
 create mode 100644 nature/yosemite_national_park_yosemite_valley-3840x2160.jpg
 create mode 100644 nature/yosemite_valley_clumps_of_grass_flowing_water_pine_trees_wilderness-3840x2160.jpg
 create mode 100644 nature/young_forest_summer-3840x2160.jpg
 create mode 100644 nature/zahak_castle-3840x2160.jpg
 create mode 100644 server.log
https://github.com/kyungwonchai/backimage
branch 'master' set up to track 'origin/master'.
🚀 [Auto-Register] Registering backimage on port 10148...
▶ 설정 생성
  /home/kw/kwserver/nginx/kwopi.duckdns.org.conf  (앱 26개)
  /home/kw/kwserver/nginx/sy0519.duckdns.org.conf  (앱 2개)
  /home/kw/kwserver/nginx/mj1210.duckdns.org.conf  (앱 0개)
▶ 클라이언트 인증서 신뢰 목록 갱신
▶ 백업
▶ 반영
✅ 반영 완료 (백업: /var/backups/kw-nginx/20260817_010911)
✅ Nginx reloaded successfully via kw-apply-sites
